400 invalid-request
500 server-error
